
> react-typescript-starter@0.1.0 test
> react-scripts test

Browserslist: caniuse-lite is outdated. Please run:
  npx browserslist@latest --update-db
  Why you should do it regularly: https://github.com/browserslist/browserslist#browsers-data-updating
PASS src/nested.test.ts
PASS src/arrays.test.ts
PASS src/objects.test.ts
PASS src/components/StartAttempt.test.tsx
PASS src/components/TwoDice.test.tsx
PASS src/form-components/MultipleChoiceQuestion.test.tsx
PASS src/bad-components/ChooseTeam.test.tsx
PASS src/bad-components/DoubleHalf.test.tsx
FAIL src/HtmlCss.test.tsx
  ● Some HTML Elements are added. › There is a header

    TestingLibraryElementError: Found multiple elements with the role "heading"

    Here are the matching elements:

    Ignored nodes: comments, <script />, <style />
    [36m<h1>[39m
      [0m Add a header[0m
    [36m</h1>[39m

    Ignored nodes: comments, <script />, <style />
    [36m<h3>[39m
      [0mCheck Answer[0m
    [36m</h3>[39m

    Ignored nodes: comments, <script />, <style />
    [36m<h3>[39m
      [0mGive Attempts[0m
    [36m</h3>[39m

    Ignored nodes: comments, <script />, <style />
    [36m<h3>[39m
      [0mEdit Mode[0m
    [36m</h3>[39m

    Ignored nodes: comments, <script />, <style />
    [36m<h3>[39m
      [0mChange Color[0m
    [36m</h3>[39m

    Ignored nodes: comments, <script />, <style />
    [36m<h3>[39m
      [0mMultiple Choice Question[0m
    [36m</h3>[39m

    Ignored nodes: comments, <script />, <style />
    [36m<h3>[39m
      [0mDouble Half[0m
    [36m</h3>[39m

    Ignored nodes: comments, <script />, <style />
    [36m<h3>[39m
      [0mChoose Team[0m
    [36m</h3>[39m

    Ignored nodes: comments, <script />, <style />
    [36m<h3>[39m
      [0mColored Box[0m
    [36m</h3>[39m

    Ignored nodes: comments, <script />, <style />
    [36m<h3>[39m
      [0mShove Box[0m
    [36m</h3>[39m

    (If this is intentional, then use the `*AllBy*` variant of the query (like `queryAllByText`, `getAllByText`, or `findAllByText`)).

    Ignored nodes: comments, <script />, <style />
    [36m<body>[39m
      [36m<div>[39m
        [36m<div[39m
          [33mclass[39m=[32m"App"[39m
        [36m>[39m
          [36m<header[39m
            [33mclass[39m=[32m"App-header"[39m
          [36m>[39m
            [0mUD CISC275 with React Hooks and TypeScript[0m
            [36m<h1>[39m
              [0m Add a header[0m
            [36m</h1>[39m
          [36m</header>[39m
          [36m<p>[39m
            [0mEdit [0m
            [36m<code>[39m
              [0msrc/App.tsx[0m
            [36m</code>[39m
            [0m and save. This page will automatically reload.s[0m
          [36m</p>[39m
          [36m<p>[39m
            [0m Hongbo Wang [0m
          [36m</p>[39m
          [36m<p>[39m
            [0m Hello World [0m
          [36m</p>[39m
          [36m<div>[39m
            [36m<img[39m
              [33malt[39m=[32m"Apollo 11"[39m
              [33msrc[39m=[32m"https://upload.wikimedia.org/wikipedia/commons/thumb/1/16/Apollo_11_Launch_-_GPN-2000-000630.jpg/800px-Apollo_11_Launch_-_GPN-2000-000630.jpg"[39m
            [36m/>[39m
          [36m</div>[39m
          [36m<div>[39m
            [0mOrdered List:[0m
            [36m<ol>[39m
              [36m<li>[39m
                [0mFirst element[0m
              [36m</li>[39m
              [36m<li>[39m
                [0mSecond element[0m
              [36m</li>[39m
              [36m<li>[39m
                [0mThird element[0m
              [36m</li>[39m
            [36m</ol>[39m
          [36m</div>[39m
          [36m<div>[39m
            [36m<button[39m
              [33mclass[39m=[32m"btn btn-primary"[39m
              [33mtype[39m=[32m"button"[39m
            [36m>[39m
              [0mLog Hello World[0m
            [36m</button>[39m
          [36m</div>[39m
          [36m<div>[39m
            [36m<div[39m
              [33mclass[39m=[32m"container"[39m
            [36m>[39m
              [36m<div[39m
                [33mclass[39m=[32m"row"[39m
              [36m>[39m
                [36m<div[39m
                  [33mclass[39m=[32m"col"[39m
                [36m>[39m
                  [36m<p>[39m
                    [0mFirst column.[0m
                  [36m</p>[39m
                  [36m<div[39m
                    [33mstyle[39m=[32m"border: 1px solid blue; padding: 4px; width: 50%; height: 1cm; background: red;"[39m
                  [36m>[39m
                    [0mText[0m
                  [36m</div>[39m
                [36m</div>[39m
                [36m<div[39m
                  [33mclass[39m=[32m"col"[39m
                [36m>[39m
                  [36m<p>[39m
                    [0mSecond column.[0m
                  [36m</p>[39m
                  [36m<div[39m
                    [33mstyle[39m=[32m"border: 1px solid blue; padding: 4px; width: 50%; height: 1cm; background: red;"[39m
                  [36m>[39m
                    [0mText[0m
                  [36m</div>[39m
                [36m</div>[39m
              [36m</div>[39m
            [36m</div>[39m
          [36m</div>[39m
          [36m<hr />[39m
          [36m<div>[39m
            [36m<h3>[39m
              [0mCheck Answer[0m
            [36m</h3>[39m
            [36m<div>[39m
              [0mThe expectedAnswer is [0m
              [0m42[0m
              [0m.[0m
            [36m</div>[39m
            [36m<div>[39m
              [36m<label[39m
                [33mclass[39m=[32m"form-label"[39m
                [33mfor[39m=[32m"formAnswer"[39m
              [36m>[39m
                [0mAnswer:[0m
              [36m</label>[39m
              [36m<input[39m
                [33mclass[39m=[32m"form-control"[39m
                [33mid[39m=[32m"formAnswer"[39m
                [33mvalue[39m=[32m""[39m
              [36m/>[39m
            [36m</div>[39m
            [36m<div>[39m
              [0mThe answer is[0m
              [36m<span>[39m
                [0m❌[0m
              [36m</span>[39m
              [0m.[0m
            [36m</div>[39m
          [36m</div>[39m
          [36m<hr />[39m
          [36m<div>[39m
            [36m<h3>[39m
              [0mGive Attempts[0m
            [36m</h3>[39m
            [36m<div>[39m
              [36m<label[39m
                [33mclass[39m=[32m"form-label"[39m
              [36m>[39m
                [0mSpecify the requested number of attempts[0m
              [36m</label>[39m
              [36m<input[39m
                [33mclass[39m=[32m"form-control"[39m
                [33mplaceholder[39m=[32m"Enter the requested number of attempts"[39m
                [33mtype[39m=[32m"number"[39m
                [33mvalue[39m=[32m"0"[39m
              [36m/>[39m
            [36m</div>[39m
            [36m<button[39m
              [33mclass[39m=[32m"btn btn-primary"[39m
              [33mtype[39m=[32m"button"[39m
            [36m>[39m
              [0muse[0m
            [36m</button>[39m
            [36m<button[39m
              [33mclass[39m=[32m"btn btn-primary"[39m
              [33mtype[39m=[32m"button"[39m
            [36m>[39m
              [0mgain[0m
            [36m</button>[39m
            [36m<div>[39m
              [0mThe number of attempts left is [0m
              [0m3[0m
              [0m.[0m
            [36m</div>[39m
          [36m</div>[39m
          [36m<hr />[39m
          [36m<div>[39m
            [36m<h3>[39m
              [0mEdit Mode[0m
            [36m</h3>[39m
            [36m<div[39m
              [33mclass[39m=[32m"form-check form-switch"[39m
            [36m>[39m
              [36m<input[39m
                [33mclass[39m=[32m"form-check-input"[39m
                [33mid[39m=[32m"is-editable-check"[39m
                [33mtype[39m=[32m"checkbox"[39m
              [36m/>[39m
              [36m<label[39m
                [33mclass[39m=[32m"form-check-label"[39m
                [33mfor[39m=[32m"is-editable-check"[39m
                [33mtitle[39m=[32m""[39m
              [36m>[39m
                [0mText[0m
              [36m</label>[39m
            [36m</div>[39m
            [36m<div>[39m
              [0mYour name[0m
              [0m is [0m
              [0ma student[0m
              [0m.[0m
            [36m</div>[39m
          [36m</div>[39m
          [36m<hr />[39m
          [36m<div>[39m
            [36m<h3>[39m
              [0mChange Color[0m
            [36m</h3>[39m
            [36m<div[39m
              [33mclass[39m=[32m"form-check form-check-inline"[39m
              [33mstyle[39m=[32m"width: 50px; height: 50px; background-color: red; display: inline-block; vertical-align: bottom; margin-left: 5px;"[39m
            [36m>[39m
              [36m<input[39m
                [33mchecked[39m=[32m""[39m
                [33mclass[39m=[32m"form-check-input"[39m
                [33mid[39m=[32m"chosenColor"[39m
                [33mname[39m=[32m"color"[39m
                [33mtype[39m=[32m"radio"[39m
                [33mvalue[39m=[32m"red"[39m
              [36m/>[39m
              [36m<label[39m
                [33mclass[39m=[32m"form-check-label"[39m
                [33mfor[39m=[32m"chosenColor"[39m
                [33mtitle[39m=[32m""[39m
              [36m>[39m
                [0mred[0m
              [36m</label>[39m
            [36m</div>[39m
            [36m<div[39m
              [33mclass[39m=[32m"form-check form-check-inline"[39m
              [33mstyle[39m=[32m"width: 50px; height: 50px; background-color: blue; ...

       7 |     test("There is a header", () => {
       8 |         render(<App />);
    >  9 |         const header = screen.getByRole("heading");
         |                               ^
      10 |         expect(header).toBeInTheDocument();
      11 |     });
      12 |

      at Object.getElementError (node_modules/@testing-library/dom/dist/config.js:38:19)
      at getElementError (node_modules/@testing-library/dom/dist/query-helpers.js:25:35)
      at getMultipleElementsFoundError (node_modules/@testing-library/dom/dist/query-helpers.js:29:10)
      at node_modules/@testing-library/dom/dist/query-helpers.js:66:13
      at getByRole (node_modules/@testing-library/dom/dist/query-helpers.js:111:19)
      at Object.<anonymous> (src/HtmlCss.test.tsx:9:31)

PASS src/functions.test.ts
PASS src/form-components/CheckAnswer.test.tsx
PASS src/form-components/EditMode.test.tsx
PASS src/components/ChangeType.test.tsx
PASS src/components/CycleHoliday.test.tsx
PASS src/form-components/GiveAttempts.test.tsx
PASS src/form-components/ChangeColor.test.tsx
PASS src/components/Counter.test.tsx
PASS src/components/RevealAnswer.test.tsx
PASS src/bad-components/ColoredBox.test.tsx
PASS src/bad-components/ShoveBox.test.tsx
PASS src/text.test.tsx
PASS src/App.test.tsx
-----------------------------|---------|----------|---------|---------|-------------------
File                         | % Stmts | % Branch | % Funcs | % Lines | Uncovered Line #s 
-----------------------------|---------|----------|---------|---------|-------------------
All files                    |   98.87 |       95 |     100 |   98.83 |                   
 src                         |   98.76 |    97.14 |     100 |    98.7 |                   
  App.tsx                    |     100 |      100 |     100 |     100 |                   
  arrays.ts                  |     100 |      100 |     100 |     100 |                   
  functions.ts               |     100 |      100 |     100 |     100 |                   
  nested.ts                  |   98.41 |       96 |     100 |   98.36 | 317               
  objects.ts                 |   95.65 |     87.5 |     100 |   95.65 | 58                
 src/bad-components          |   96.42 |       50 |     100 |   96.42 |                   
  ChooseTeam.tsx             |     100 |       50 |     100 |     100 | 30                
  ColoredBox.tsx             |     100 |      100 |     100 |     100 |                   
  DoubleHalf.tsx             |     100 |      100 |     100 |     100 |                   
  DoubleHalfState.tsx        |       0 |      100 |     100 |       0 | 3                 
  ShoveBox.tsx               |     100 |      100 |     100 |     100 |                   
 src/components              |     100 |    91.66 |     100 |     100 |                   
  ChangeType.tsx             |     100 |    83.33 |     100 |     100 | 13                
  Counter.tsx                |     100 |      100 |     100 |     100 |                   
  CycleHoliday.tsx           |     100 |       90 |     100 |     100 | 28,46             
  RevealAnswer.tsx           |     100 |      100 |     100 |     100 |                   
  StartAttempt.tsx           |     100 |      100 |     100 |     100 |                   
  TwoDice.tsx                |     100 |      100 |     100 |     100 |                   
 src/form-components         |     100 |      100 |     100 |     100 |                   
  ChangeColor.tsx            |     100 |      100 |     100 |     100 |                   
  CheckAnswer.tsx            |     100 |      100 |     100 |     100 |                   
  EditMode.tsx               |     100 |      100 |     100 |     100 |                   
  GiveAttempts.tsx           |     100 |      100 |     100 |     100 |                   
  MultipleChoiceQuestion.tsx |     100 |      100 |     100 |     100 |                   
 src/interfaces              |       0 |        0 |       0 |       0 |                   
  answer.ts                  |       0 |        0 |       0 |       0 |                   
  question.ts                |       0 |        0 |       0 |       0 |                   
-----------------------------|---------|----------|---------|---------|-------------------

Summary of all failing tests
FAIL src/HtmlCss.test.tsx
  ● Some HTML Elements are added. › There is a header

    TestingLibraryElementError: Found multiple elements with the role "heading"

    Here are the matching elements:

    Ignored nodes: comments, <script />, <style />
    [36m<h1>[39m
      [0m Add a header[0m
    [36m</h1>[39m

    Ignored nodes: comments, <script />, <style />
    [36m<h3>[39m
      [0mCheck Answer[0m
    [36m</h3>[39m

    Ignored nodes: comments, <script />, <style />
    [36m<h3>[39m
      [0mGive Attempts[0m
    [36m</h3>[39m

    Ignored nodes: comments, <script />, <style />
    [36m<h3>[39m
      [0mEdit Mode[0m
    [36m</h3>[39m

    Ignored nodes: comments, <script />, <style />
    [36m<h3>[39m
      [0mChange Color[0m
    [36m</h3>[39m

    Ignored nodes: comments, <script />, <style />
    [36m<h3>[39m
      [0mMultiple Choice Question[0m
    [36m</h3>[39m

    Ignored nodes: comments, <script />, <style />
    [36m<h3>[39m
      [0mDouble Half[0m
    [36m</h3>[39m

    Ignored nodes: comments, <script />, <style />
    [36m<h3>[39m
      [0mChoose Team[0m
    [36m</h3>[39m

    Ignored nodes: comments, <script />, <style />
    [36m<h3>[39m
      [0mColored Box[0m
    [36m</h3>[39m

    Ignored nodes: comments, <script />, <style />
    [36m<h3>[39m
      [0mShove Box[0m
    [36m</h3>[39m

    (If this is intentional, then use the `*AllBy*` variant of the query (like `queryAllByText`, `getAllByText`, or `findAllByText`)).

    Ignored nodes: comments, <script />, <style />
    [36m<body>[39m
      [36m<div>[39m
        [36m<div[39m
          [33mclass[39m=[32m"App"[39m
        [36m>[39m
          [36m<header[39m
            [33mclass[39m=[32m"App-header"[39m
          [36m>[39m
            [0mUD CISC275 with React Hooks and TypeScript[0m
            [36m<h1>[39m
              [0m Add a header[0m
            [36m</h1>[39m
          [36m</header>[39m
          [36m<p>[39m
            [0mEdit [0m
            [36m<code>[39m
              [0msrc/App.tsx[0m
            [36m</code>[39m
            [0m and save. This page will automatically reload.s[0m
          [36m</p>[39m
          [36m<p>[39m
            [0m Hongbo Wang [0m
          [36m</p>[39m
          [36m<p>[39m
            [0m Hello World [0m
          [36m</p>[39m
          [36m<div>[39m
            [36m<img[39m
              [33malt[39m=[32m"Apollo 11"[39m
              [33msrc[39m=[32m"https://upload.wikimedia.org/wikipedia/commons/thumb/1/16/Apollo_11_Launch_-_GPN-2000-000630.jpg/800px-Apollo_11_Launch_-_GPN-2000-000630.jpg"[39m
            [36m/>[39m
          [36m</div>[39m
          [36m<div>[39m
            [0mOrdered List:[0m
            [36m<ol>[39m
              [36m<li>[39m
                [0mFirst element[0m
              [36m</li>[39m
              [36m<li>[39m
                [0mSecond element[0m
              [36m</li>[39m
              [36m<li>[39m
                [0mThird element[0m
              [36m</li>[39m
            [36m</ol>[39m
          [36m</div>[39m
          [36m<div>[39m
            [36m<button[39m
              [33mclass[39m=[32m"btn btn-primary"[39m
              [33mtype[39m=[32m"button"[39m
            [36m>[39m
              [0mLog Hello World[0m
            [36m</button>[39m
          [36m</div>[39m
          [36m<div>[39m
            [36m<div[39m
              [33mclass[39m=[32m"container"[39m
            [36m>[39m
              [36m<div[39m
                [33mclass[39m=[32m"row"[39m
              [36m>[39m
                [36m<div[39m
                  [33mclass[39m=[32m"col"[39m
                [36m>[39m
                  [36m<p>[39m
                    [0mFirst column.[0m
                  [36m</p>[39m
                  [36m<div[39m
                    [33mstyle[39m=[32m"border: 1px solid blue; padding: 4px; width: 50%; height: 1cm; background: red;"[39m
                  [36m>[39m
                    [0mText[0m
                  [36m</div>[39m
                [36m</div>[39m
                [36m<div[39m
                  [33mclass[39m=[32m"col"[39m
                [36m>[39m
                  [36m<p>[39m
                    [0mSecond column.[0m
                  [36m</p>[39m
                  [36m<div[39m
                    [33mstyle[39m=[32m"border: 1px solid blue; padding: 4px; width: 50%; height: 1cm; background: red;"[39m
                  [36m>[39m
                    [0mText[0m
                  [36m</div>[39m
                [36m</div>[39m
              [36m</div>[39m
            [36m</div>[39m
          [36m</div>[39m
          [36m<hr />[39m
          [36m<div>[39m
            [36m<h3>[39m
              [0mCheck Answer[0m
            [36m</h3>[39m
            [36m<div>[39m
              [0mThe expectedAnswer is [0m
              [0m42[0m
              [0m.[0m
            [36m</div>[39m
            [36m<div>[39m
              [36m<label[39m
                [33mclass[39m=[32m"form-label"[39m
                [33mfor[39m=[32m"formAnswer"[39m
              [36m>[39m
                [0mAnswer:[0m
              [36m</label>[39m
              [36m<input[39m
                [33mclass[39m=[32m"form-control"[39m
                [33mid[39m=[32m"formAnswer"[39m
                [33mvalue[39m=[32m""[39m
              [36m/>[39m
            [36m</div>[39m
            [36m<div>[39m
              [0mThe answer is[0m
              [36m<span>[39m
                [0m❌[0m
              [36m</span>[39m
              [0m.[0m
            [36m</div>[39m
          [36m</div>[39m
          [36m<hr />[39m
          [36m<div>[39m
            [36m<h3>[39m
              [0mGive Attempts[0m
            [36m</h3>[39m
            [36m<div>[39m
              [36m<label[39m
                [33mclass[39m=[32m"form-label"[39m
              [36m>[39m
                [0mSpecify the requested number of attempts[0m
              [36m</label>[39m
              [36m<input[39m
                [33mclass[39m=[32m"form-control"[39m
                [33mplaceholder[39m=[32m"Enter the requested number of attempts"[39m
                [33mtype[39m=[32m"number"[39m
                [33mvalue[39m=[32m"0"[39m
              [36m/>[39m
            [36m</div>[39m
            [36m<button[39m
              [33mclass[39m=[32m"btn btn-primary"[39m
              [33mtype[39m=[32m"button"[39m
            [36m>[39m
              [0muse[0m
            [36m</button>[39m
            [36m<button[39m
              [33mclass[39m=[32m"btn btn-primary"[39m
              [33mtype[39m=[32m"button"[39m
            [36m>[39m
              [0mgain[0m
            [36m</button>[39m
            [36m<div>[39m
              [0mThe number of attempts left is [0m
              [0m3[0m
              [0m.[0m
            [36m</div>[39m
          [36m</div>[39m
          [36m<hr />[39m
          [36m<div>[39m
            [36m<h3>[39m
              [0mEdit Mode[0m
            [36m</h3>[39m
            [36m<div[39m
              [33mclass[39m=[32m"form-check form-switch"[39m
            [36m>[39m
              [36m<input[39m
                [33mclass[39m=[32m"form-check-input"[39m
                [33mid[39m=[32m"is-editable-check"[39m
                [33mtype[39m=[32m"checkbox"[39m
              [36m/>[39m
              [36m<label[39m
                [33mclass[39m=[32m"form-check-label"[39m
                [33mfor[39m=[32m"is-editable-check"[39m
                [33mtitle[39m=[32m""[39m
              [36m>[39m
                [0mText[0m
              [36m</label>[39m
            [36m</div>[39m
            [36m<div>[39m
              [0mYour name[0m
              [0m is [0m
              [0ma student[0m
              [0m.[0m
            [36m</div>[39m
          [36m</div>[39m
          [36m<hr />[39m
          [36m<div>[39m
            [36m<h3>[39m
              [0mChange Color[0m
            [36m</h3>[39m
            [36m<div[39m
              [33mclass[39m=[32m"form-check form-check-inline"[39m
              [33mstyle[39m=[32m"width: 50px; height: 50px; background-color: red; display: inline-block; vertical-align: bottom; margin-left: 5px;"[39m
            [36m>[39m
              [36m<input[39m
                [33mchecked[39m=[32m""[39m
                [33mclass[39m=[32m"form-check-input"[39m
                [33mid[39m=[32m"chosenColor"[39m
                [33mname[39m=[32m"color"[39m
                [33mtype[39m=[32m"radio"[39m
                [33mvalue[39m=[32m"red"[39m
              [36m/>[39m
              [36m<label[39m
                [33mclass[39m=[32m"form-check-label"[39m
                [33mfor[39m=[32m"chosenColor"[39m
                [33mtitle[39m=[32m""[39m
              [36m>[39m
                [0mred[0m
              [36m</label>[39m
            [36m</div>[39m
            [36m<div[39m
              [33mclass[39m=[32m"form-check form-check-inline"[39m
              [33mstyle[39m=[32m"width: 50px; height: 50px; background-color: blue; ...

       7 |     test("There is a header", () => {
       8 |         render(<App />);
    >  9 |         const header = screen.getByRole("heading");
         |                               ^
      10 |         expect(header).toBeInTheDocument();
      11 |     });
      12 |

      at Object.getElementError (node_modules/@testing-library/dom/dist/config.js:38:19)
      at getElementError (node_modules/@testing-library/dom/dist/query-helpers.js:25:35)
      at getMultipleElementsFoundError (node_modules/@testing-library/dom/dist/query-helpers.js:29:10)
      at node_modules/@testing-library/dom/dist/query-helpers.js:66:13
      at getByRole (node_modules/@testing-library/dom/dist/query-helpers.js:111:19)
      at Object.<anonymous> (src/HtmlCss.test.tsx:9:31)


Test Suites: 1 failed, 21 passed, 22 total
Tests:       1 failed, 141 passed, 142 total
Snapshots:   0 total
Time:        16.151 s
Ran all test suites.
